
   PASS  Tests\Unit\ExampleTest
  ✓ that true is true

   FAIL  Tests\Feature\CustomerMobileEndpointsTest
  ⨯ customer login returns token and permissions
  ⨯ customer me returns user
  ⨯ customer profile
  ⨯ customer branches list
  ⨯ customer branch create
  ⨯ customer branch orders
  ⨯ customer orders list
  ⨯ customer order create
  ⨯ customer categories list
  ⨯ customer products list
  ⨯ customer product variants
  ⨯ customer inventory list
  ⨯ customer can list delivery zones for map

   FAIL  Tests\Feature\DelegateEndpointsTest
  ⨯ admin can list delegates
  ⨯ admin can create delegate
  ⨯ admin can update delegate
  ⨯ admin can delete delegate
  ⨯ admin can toggle delegate active status

   FAIL  Tests\Feature\DelegateMobileEndpointsTest
  ⨯ delegate can update location
  ⨯ delegate can set availability
  ⨯ order auto assigns nearest delegate
  ⨯ delegate location update broadcasts event
  ⨯ delegate can list assigned orders
  ⨯ delegate can filter assigned orders by status
  ⨯ delegate can view assigned order detail
  ⨯ delegate cannot view unassigned order detail
  ⨯ delegate can update assigned order status
  ⨯ delegate cannot update unassigned order status

   PASS  Tests\Feature\ExampleTest
  ✓ the application returns a successful response                        0.03s  

   FAIL  Tests\Feature\OrderAssignDelegateTest
  ⨯ admin can assign delegate to order
  ⨯ cannot assign inactive delegate
  ────────────────────────────────────────────────────────────────────────────  
   FAILED  Tests\Feature\CustomerMobileEndpointsTest > customer logi…  QueryException   
  SQLSTATE[HY000] [2002] php_network_getaddresses: getaddrinfo for db failed: nodename nor servname provided, or not known (Connection: mysql, Host: db, Port: 3306, Database: cafe_supply_chain_test, SQL: select exists (select 1 from information_schema.tables where table_schema = schema() and table_name = 'migrations' and table_type in ('BASE TABLE', 'SYSTEM VERSIONED')) as `exists`)

  at vendor/laravel/framework/src/Illuminate/Database/Connection.php:838
    834▕             $exceptionType = $this->isUniqueConstraintError($e)
    835▕                 ? UniqueConstraintViolationException::class
    836▕                 : QueryException::class;
    837▕ 
  ➜ 838▕             throw new $exceptionType(
    839▕                 $this->getNameWithReadWriteType(),
    840▕                 $query,
    841▕                 $this->prepareBindings($bindings),
    842▕                 $e,

      [2m+53 vendor frames [22m
  54  tests/Feature/CustomerMobileEndpointsTest.php:31

  ────────────────────────────────────────────────────────────────────────────  
   FAILED  Tests\Feature\CustomerMobileEndpointsTest > customer me r…  QueryException   
  SQLSTATE[HY000] [2002] php_network_getaddresses: getaddrinfo for db failed: nodename nor servname provided, or not known (Connection: mysql, Host: db, Port: 3306, Database: cafe_supply_chain_test, SQL: select exists (select 1 from information_schema.tables where table_schema = schema() and table_name = 'migrations' and table_type in ('BASE TABLE', 'SYSTEM VERSIONED')) as `exists`)

  at vendor/laravel/framework/src/Illuminate/Database/Connection.php:838
    834▕             $exceptionType = $this->isUniqueConstraintError($e)
    835▕                 ? UniqueConstraintViolationException::class
    836▕                 : QueryException::class;
    837▕ 
  ➜ 838▕             throw new $exceptionType(
    839▕                 $this->getNameWithReadWriteType(),
    840▕                 $query,
    841▕                 $this->prepareBindings($bindings),
    842▕                 $e,

      [2m+53 vendor frames [22m
  54  tests/Feature/CustomerMobileEndpointsTest.php:31

  ────────────────────────────────────────────────────────────────────────────  
   FAILED  Tests\Feature\CustomerMobileEndpointsTest > customer prof…  QueryException   
  SQLSTATE[HY000] [2002] php_network_getaddresses: getaddrinfo for db failed: nodename nor servname provided, or not known (Connection: mysql, Host: db, Port: 3306, Database: cafe_supply_chain_test, SQL: select exists (select 1 from information_schema.tables where table_schema = schema() and table_name = 'migrations' and table_type in ('BASE TABLE', 'SYSTEM VERSIONED')) as `exists`)

  at vendor/laravel/framework/src/Illuminate/Database/Connection.php:838
    834▕             $exceptionType = $this->isUniqueConstraintError($e)
    835▕                 ? UniqueConstraintViolationException::class
    836▕                 : QueryException::class;
    837▕ 
  ➜ 838▕             throw new $exceptionType(
    839▕                 $this->getNameWithReadWriteType(),
    840▕                 $query,
    841▕                 $this->prepareBindings($bindings),
    842▕                 $e,

      [2m+53 vendor frames [22m
  54  tests/Feature/CustomerMobileEndpointsTest.php:31

  ────────────────────────────────────────────────────────────────────────────  
   FAILED  Tests\Feature\CustomerMobileEndpointsTest > customer bran…  QueryException   
  SQLSTATE[HY000] [2002] php_network_getaddresses: getaddrinfo for db failed: nodename nor servname provided, or not known (Connection: mysql, Host: db, Port: 3306, Database: cafe_supply_chain_test, SQL: select exists (select 1 from information_schema.tables where table_schema = schema() and table_name = 'migrations' and table_type in ('BASE TABLE', 'SYSTEM VERSIONED')) as `exists`)

  at vendor/laravel/framework/src/Illuminate/Database/Connection.php:838
    834▕             $exceptionType = $this->isUniqueConstraintError($e)
    835▕                 ? UniqueConstraintViolationException::class
    836▕                 : QueryException::class;
    837▕ 
  ➜ 838▕             throw new $exceptionType(
    839▕                 $this->getNameWithReadWriteType(),
    840▕                 $query,
    841▕                 $this->prepareBindings($bindings),
    842▕                 $e,

      [2m+53 vendor frames [22m
  54  tests/Feature/CustomerMobileEndpointsTest.php:31

  ────────────────────────────────────────────────────────────────────────────  
   FAILED  Tests\Feature\CustomerMobileEndpointsTest > customer bran…  QueryException   
  SQLSTATE[HY000] [2002] php_network_getaddresses: getaddrinfo for db failed: nodename nor servname provided, or not known (Connection: mysql, Host: db, Port: 3306, Database: cafe_supply_chain_test, SQL: select exists (select 1 from information_schema.tables where table_schema = schema() and table_name = 'migrations' and table_type in ('BASE TABLE', 'SYSTEM VERSIONED')) as `exists`)

  at vendor/laravel/framework/src/Illuminate/Database/Connection.php:838
    834▕             $exceptionType = $this->isUniqueConstraintError($e)
    835▕                 ? UniqueConstraintViolationException::class
    836▕                 : QueryException::class;
    837▕ 
  ➜ 838▕             throw new $exceptionType(
    839▕                 $this->getNameWithReadWriteType(),
    840▕                 $query,
    841▕                 $this->prepareBindings($bindings),
    842▕                 $e,

      [2m+53 vendor frames [22m
  54  tests/Feature/CustomerMobileEndpointsTest.php:31

  ────────────────────────────────────────────────────────────────────────────  
   FAILED  Tests\Feature\CustomerMobileEndpointsTest > customer bran…  QueryException   
  SQLSTATE[HY000] [2002] php_network_getaddresses: getaddrinfo for db failed: nodename nor servname provided, or not known (Connection: mysql, Host: db, Port: 3306, Database: cafe_supply_chain_test, SQL: select exists (select 1 from information_schema.tables where table_schema = schema() and table_name = 'migrations' and table_type in ('BASE TABLE', 'SYSTEM VERSIONED')) as `exists`)

  at vendor/laravel/framework/src/Illuminate/Database/Connection.php:838
    834▕             $exceptionType = $this->isUniqueConstraintError($e)
    835▕                 ? UniqueConstraintViolationException::class
    836▕                 : QueryException::class;
    837▕ 
  ➜ 838▕             throw new $exceptionType(
    839▕                 $this->getNameWithReadWriteType(),
    840▕                 $query,
    841▕                 $this->prepareBindings($bindings),
    842▕                 $e,

      [2m+53 vendor frames [22m
  54  tests/Feature/CustomerMobileEndpointsTest.php:31

  ────────────────────────────────────────────────────────────────────────────  
   FAILED  Tests\Feature\CustomerMobileEndpointsTest > customer orde…  QueryException   
  SQLSTATE[HY000] [2002] php_network_getaddresses: getaddrinfo for db failed: nodename nor servname provided, or not known (Connection: mysql, Host: db, Port: 3306, Database: cafe_supply_chain_test, SQL: select exists (select 1 from information_schema.tables where table_schema = schema() and table_name = 'migrations' and table_type in ('BASE TABLE', 'SYSTEM VERSIONED')) as `exists`)

  at vendor/laravel/framework/src/Illuminate/Database/Connection.php:838
    834▕             $exceptionType = $this->isUniqueConstraintError($e)
    835▕                 ? UniqueConstraintViolationException::class
    836▕                 : QueryException::class;
    837▕ 
  ➜ 838▕             throw new $exceptionType(
    839▕                 $this->getNameWithReadWriteType(),
    840▕                 $query,
    841▕                 $this->prepareBindings($bindings),
    842▕                 $e,

      [2m+53 vendor frames [22m
  54  tests/Feature/CustomerMobileEndpointsTest.php:31

  ────────────────────────────────────────────────────────────────────────────  
   FAILED  Tests\Feature\CustomerMobileEndpointsTest > customer orde…  QueryException   
  SQLSTATE[HY000] [2002] php_network_getaddresses: getaddrinfo for db failed: nodename nor servname provided, or not known (Connection: mysql, Host: db, Port: 3306, Database: cafe_supply_chain_test, SQL: select exists (select 1 from information_schema.tables where table_schema = schema() and table_name = 'migrations' and table_type in ('BASE TABLE', 'SYSTEM VERSIONED')) as `exists`)

  at vendor/laravel/framework/src/Illuminate/Database/Connection.php:838
    834▕             $exceptionType = $this->isUniqueConstraintError($e)
    835▕                 ? UniqueConstraintViolationException::class
    836▕                 : QueryException::class;
    837▕ 
  ➜ 838▕             throw new $exceptionType(
    839▕                 $this->getNameWithReadWriteType(),
    840▕                 $query,
    841▕                 $this->prepareBindings($bindings),
    842▕                 $e,

      [2m+53 vendor frames [22m
  54  tests/Feature/CustomerMobileEndpointsTest.php:31

  ────────────────────────────────────────────────────────────────────────────  
   FAILED  Tests\Feature\CustomerMobileEndpointsTest > customer cate…  QueryException   
  SQLSTATE[HY000] [2002] php_network_getaddresses: getaddrinfo for db failed: nodename nor servname provided, or not known (Connection: mysql, Host: db, Port: 3306, Database: cafe_supply_chain_test, SQL: select exists (select 1 from information_schema.tables where table_schema = schema() and table_name = 'migrations' and table_type in ('BASE TABLE', 'SYSTEM VERSIONED')) as `exists`)

  at vendor/laravel/framework/src/Illuminate/Database/Connection.php:838
    834▕             $exceptionType = $this->isUniqueConstraintError($e)
    835▕                 ? UniqueConstraintViolationException::class
    836▕                 : QueryException::class;
    837▕ 
  ➜ 838▕             throw new $exceptionType(
    839▕                 $this->getNameWithReadWriteType(),
    840▕                 $query,
    841▕                 $this->prepareBindings($bindings),
    842▕                 $e,

      [2m+53 vendor frames [22m
  54  tests/Feature/CustomerMobileEndpointsTest.php:31

  ────────────────────────────────────────────────────────────────────────────  
   FAILED  Tests\Feature\CustomerMobileEndpointsTest > customer prod…  QueryException   
  SQLSTATE[HY000] [2002] php_network_getaddresses: getaddrinfo for db failed: nodename nor servname provided, or not known (Connection: mysql, Host: db, Port: 3306, Database: cafe_supply_chain_test, SQL: select exists (select 1 from information_schema.tables where table_schema = schema() and table_name = 'migrations' and table_type in ('BASE TABLE', 'SYSTEM VERSIONED')) as `exists`)

  at vendor/laravel/framework/src/Illuminate/Database/Connection.php:838
    834▕             $exceptionType = $this->isUniqueConstraintError($e)
    835▕                 ? UniqueConstraintViolationException::class
    836▕                 : QueryException::class;
    837▕ 
  ➜ 838▕             throw new $exceptionType(
    839▕                 $this->getNameWithReadWriteType(),
    840▕                 $query,
    841▕                 $this->prepareBindings($bindings),
    842▕                 $e,

      [2m+53 vendor frames [22m
  54  tests/Feature/CustomerMobileEndpointsTest.php:31

  ────────────────────────────────────────────────────────────────────────────  
   FAILED  Tests\Feature\CustomerMobileEndpointsTest > customer prod…  QueryException   
  SQLSTATE[HY000] [2002] php_network_getaddresses: getaddrinfo for db failed: nodename nor servname provided, or not known (Connection: mysql, Host: db, Port: 3306, Database: cafe_supply_chain_test, SQL: select exists (select 1 from information_schema.tables where table_schema = schema() and table_name = 'migrations' and table_type in ('BASE TABLE', 'SYSTEM VERSIONED')) as `exists`)

  at vendor/laravel/framework/src/Illuminate/Database/Connection.php:838
    834▕             $exceptionType = $this->isUniqueConstraintError($e)
    835▕                 ? UniqueConstraintViolationException::class
    836▕                 : QueryException::class;
    837▕ 
  ➜ 838▕             throw new $exceptionType(
    839▕                 $this->getNameWithReadWriteType(),
    840▕                 $query,
    841▕                 $this->prepareBindings($bindings),
    842▕                 $e,

      [2m+53 vendor frames [22m
  54  tests/Feature/CustomerMobileEndpointsTest.php:31

  ────────────────────────────────────────────────────────────────────────────  
   FAILED  Tests\Feature\CustomerMobileEndpointsTest > customer inve…  QueryException   
  SQLSTATE[HY000] [2002] php_network_getaddresses: getaddrinfo for db failed: nodename nor servname provided, or not known (Connection: mysql, Host: db, Port: 3306, Database: cafe_supply_chain_test, SQL: select exists (select 1 from information_schema.tables where table_schema = schema() and table_name = 'migrations' and table_type in ('BASE TABLE', 'SYSTEM VERSIONED')) as `exists`)

  at vendor/laravel/framework/src/Illuminate/Database/Connection.php:838
    834▕             $exceptionType = $this->isUniqueConstraintError($e)
    835▕                 ? UniqueConstraintViolationException::class
    836▕                 : QueryException::class;
    837▕ 
  ➜ 838▕             throw new $exceptionType(
    839▕                 $this->getNameWithReadWriteType(),
    840▕                 $query,
    841▕                 $this->prepareBindings($bindings),
    842▕                 $e,

      [2m+53 vendor frames [22m
  54  tests/Feature/CustomerMobileEndpointsTest.php:31

  ────────────────────────────────────────────────────────────────────────────  
   FAILED  Tests\Feature\CustomerMobileEndpointsTest > customer can…   QueryException   
  SQLSTATE[HY000] [2002] php_network_getaddresses: getaddrinfo for db failed: nodename nor servname provided, or not known (Connection: mysql, Host: db, Port: 3306, Database: cafe_supply_chain_test, SQL: select exists (select 1 from information_schema.tables where table_schema = schema() and table_name = 'migrations' and table_type in ('BASE TABLE', 'SYSTEM VERSIONED')) as `exists`)

  at vendor/laravel/framework/src/Illuminate/Database/Connection.php:838
    834▕             $exceptionType = $this->isUniqueConstraintError($e)
    835▕                 ? UniqueConstraintViolationException::class
    836▕                 : QueryException::class;
    837▕ 
  ➜ 838▕             throw new $exceptionType(
    839▕                 $this->getNameWithReadWriteType(),
    840▕                 $query,
    841▕                 $this->prepareBindings($bindings),
    842▕                 $e,

      [2m+53 vendor frames [22m
  54  tests/Feature/CustomerMobileEndpointsTest.php:31

  ────────────────────────────────────────────────────────────────────────────  
   FAILED  Tests\Feature\DelegateEndpointsTest > admin can l…  QueryException   
  SQLSTATE[HY000] [2002] php_network_getaddresses: getaddrinfo for db failed: nodename nor servname provided, or not known (Connection: mysql, Host: db, Port: 3306, Database: cafe_supply_chain_test, SQL: select exists (select 1 from information_schema.tables where table_schema = schema() and table_name = 'migrations' and table_type in ('BASE TABLE', 'SYSTEM VERSIONED')) as `exists`)

  at vendor/laravel/framework/src/Illuminate/Database/Connection.php:838
    834▕             $exceptionType = $this->isUniqueConstraintError($e)
    835▕                 ? UniqueConstraintViolationException::class
    836▕                 : QueryException::class;
    837▕ 
  ➜ 838▕             throw new $exceptionType(
    839▕                 $this->getNameWithReadWriteType(),
    840▕                 $query,
    841▕                 $this->prepareBindings($bindings),
    842▕                 $e,

      [2m+53 vendor frames [22m
  54  tests/Feature/DelegateEndpointsTest.php:20

  ────────────────────────────────────────────────────────────────────────────  
   FAILED  Tests\Feature\DelegateEndpointsTest > admin can c…  QueryException   
  SQLSTATE[HY000] [2002] php_network_getaddresses: getaddrinfo for db failed: nodename nor servname provided, or not known (Connection: mysql, Host: db, Port: 3306, Database: cafe_supply_chain_test, SQL: select exists (select 1 from information_schema.tables where table_schema = schema() and table_name = 'migrations' and table_type in ('BASE TABLE', 'SYSTEM VERSIONED')) as `exists`)

  at vendor/laravel/framework/src/Illuminate/Database/Connection.php:838
    834▕             $exceptionType = $this->isUniqueConstraintError($e)
    835▕                 ? UniqueConstraintViolationException::class
    836▕                 : QueryException::class;
    837▕ 
  ➜ 838▕             throw new $exceptionType(
    839▕                 $this->getNameWithReadWriteType(),
    840▕                 $query,
    841▕                 $this->prepareBindings($bindings),
    842▕                 $e,

      [2m+53 vendor frames [22m
  54  tests/Feature/DelegateEndpointsTest.php:20

  ────────────────────────────────────────────────────────────────────────────  
   FAILED  Tests\Feature\DelegateEndpointsTest > admin can u…  QueryException   
  SQLSTATE[HY000] [2002] php_network_getaddresses: getaddrinfo for db failed: nodename nor servname provided, or not known (Connection: mysql, Host: db, Port: 3306, Database: cafe_supply_chain_test, SQL: select exists (select 1 from information_schema.tables where table_schema = schema() and table_name = 'migrations' and table_type in ('BASE TABLE', 'SYSTEM VERSIONED')) as `exists`)

  at vendor/laravel/framework/src/Illuminate/Database/Connection.php:838
    834▕             $exceptionType = $this->isUniqueConstraintError($e)
    835▕                 ? UniqueConstraintViolationException::class
    836▕                 : QueryException::class;
    837▕ 
  ➜ 838▕             throw new $exceptionType(
    839▕                 $this->getNameWithReadWriteType(),
    840▕                 $query,
    841▕                 $this->prepareBindings($bindings),
    842▕                 $e,

      [2m+53 vendor frames [22m
  54  tests/Feature/DelegateEndpointsTest.php:20

  ────────────────────────────────────────────────────────────────────────────  
   FAILED  Tests\Feature\DelegateEndpointsTest > admin can d…  QueryException   
  SQLSTATE[HY000] [2002] php_network_getaddresses: getaddrinfo for db failed: nodename nor servname provided, or not known (Connection: mysql, Host: db, Port: 3306, Database: cafe_supply_chain_test, SQL: select exists (select 1 from information_schema.tables where table_schema = schema() and table_name = 'migrations' and table_type in ('BASE TABLE', 'SYSTEM VERSIONED')) as `exists`)

  at vendor/laravel/framework/src/Illuminate/Database/Connection.php:838
    834▕             $exceptionType = $this->isUniqueConstraintError($e)
    835▕                 ? UniqueConstraintViolationException::class
    836▕                 : QueryException::class;
    837▕ 
  ➜ 838▕             throw new $exceptionType(
    839▕                 $this->getNameWithReadWriteType(),
    840▕                 $query,
    841▕                 $this->prepareBindings($bindings),
    842▕                 $e,

      [2m+53 vendor frames [22m
  54  tests/Feature/DelegateEndpointsTest.php:20

  ────────────────────────────────────────────────────────────────────────────  
   FAILED  Tests\Feature\DelegateEndpointsTest > admin can t…  QueryException   
  SQLSTATE[HY000] [2002] php_network_getaddresses: getaddrinfo for db failed: nodename nor servname provided, or not known (Connection: mysql, Host: db, Port: 3306, Database: cafe_supply_chain_test, SQL: select exists (select 1 from information_schema.tables where table_schema = schema() and table_name = 'migrations' and table_type in ('BASE TABLE', 'SYSTEM VERSIONED')) as `exists`)

  at vendor/laravel/framework/src/Illuminate/Database/Connection.php:838
    834▕             $exceptionType = $this->isUniqueConstraintError($e)
    835▕                 ? UniqueConstraintViolationException::class
    836▕                 : QueryException::class;
    837▕ 
  ➜ 838▕             throw new $exceptionType(
    839▕                 $this->getNameWithReadWriteType(),
    840▕                 $query,
    841▕                 $this->prepareBindings($bindings),
    842▕                 $e,

      [2m+53 vendor frames [22m
  54  tests/Feature/DelegateEndpointsTest.php:20

  ────────────────────────────────────────────────────────────────────────────  
   FAILED  Tests\Feature\DelegateMobileEndpointsTest > deleg…  QueryException   
  SQLSTATE[HY000] [2002] php_network_getaddresses: getaddrinfo for db failed: nodename nor servname provided, or not known (Connection: mysql, Host: db, Port: 3306, Database: cafe_supply_chain_test, SQL: select exists (select 1 from information_schema.tables where table_schema = schema() and table_name = 'migrations' and table_type in ('BASE TABLE', 'SYSTEM VERSIONED')) as `exists`)

  at vendor/laravel/framework/src/Illuminate/Database/Connection.php:838
    834▕             $exceptionType = $this->isUniqueConstraintError($e)
    835▕                 ? UniqueConstraintViolationException::class
    836▕                 : QueryException::class;
    837▕ 
  ➜ 838▕             throw new $exceptionType(
    839▕                 $this->getNameWithReadWriteType(),
    840▕                 $query,
    841▕                 $this->prepareBindings($bindings),
    842▕                 $e,

      [2m+53 vendor frames [22m
  54  tests/Feature/DelegateMobileEndpointsTest.php:31

  ────────────────────────────────────────────────────────────────────────────  
   FAILED  Tests\Feature\DelegateMobileEndpointsTest > deleg…  QueryException   
  SQLSTATE[HY000] [2002] php_network_getaddresses: getaddrinfo for db failed: nodename nor servname provided, or not known (Connection: mysql, Host: db, Port: 3306, Database: cafe_supply_chain_test, SQL: select exists (select 1 from information_schema.tables where table_schema = schema() and table_name = 'migrations' and table_type in ('BASE TABLE', 'SYSTEM VERSIONED')) as `exists`)

  at vendor/laravel/framework/src/Illuminate/Database/Connection.php:838
    834▕             $exceptionType = $this->isUniqueConstraintError($e)
    835▕                 ? UniqueConstraintViolationException::class
    836▕                 : QueryException::class;
    837▕ 
  ➜ 838▕             throw new $exceptionType(
    839▕                 $this->getNameWithReadWriteType(),
    840▕                 $query,
    841▕                 $this->prepareBindings($bindings),
    842▕                 $e,

      [2m+53 vendor frames [22m
  54  tests/Feature/DelegateMobileEndpointsTest.php:31

  ────────────────────────────────────────────────────────────────────────────  
   FAILED  Tests\Feature\DelegateMobileEndpointsTest > order…  QueryException   
  SQLSTATE[HY000] [2002] php_network_getaddresses: getaddrinfo for db failed: nodename nor servname provided, or not known (Connection: mysql, Host: db, Port: 3306, Database: cafe_supply_chain_test, SQL: select exists (select 1 from information_schema.tables where table_schema = schema() and table_name = 'migrations' and table_type in ('BASE TABLE', 'SYSTEM VERSIONED')) as `exists`)

  at vendor/laravel/framework/src/Illuminate/Database/Connection.php:838
    834▕             $exceptionType = $this->isUniqueConstraintError($e)
    835▕                 ? UniqueConstraintViolationException::class
    836▕                 : QueryException::class;
    837▕ 
  ➜ 838▕             throw new $exceptionType(
    839▕                 $this->getNameWithReadWriteType(),
    840▕                 $query,
    841▕                 $this->prepareBindings($bindings),
    842▕                 $e,

      [2m+53 vendor frames [22m
  54  tests/Feature/DelegateMobileEndpointsTest.php:31

  ────────────────────────────────────────────────────────────────────────────  
   FAILED  Tests\Feature\DelegateMobileEndpointsTest > deleg…  QueryException   
  SQLSTATE[HY000] [2002] php_network_getaddresses: getaddrinfo for db failed: nodename nor servname provided, or not known (Connection: mysql, Host: db, Port: 3306, Database: cafe_supply_chain_test, SQL: select exists (select 1 from information_schema.tables where table_schema = schema() and table_name = 'migrations' and table_type in ('BASE TABLE', 'SYSTEM VERSIONED')) as `exists`)

  at vendor/laravel/framework/src/Illuminate/Database/Connection.php:838
    834▕             $exceptionType = $this->isUniqueConstraintError($e)
    835▕                 ? UniqueConstraintViolationException::class
    836▕                 : QueryException::class;
    837▕ 
  ➜ 838▕             throw new $exceptionType(
    839▕                 $this->getNameWithReadWriteType(),
    840▕                 $query,
    841▕                 $this->prepareBindings($bindings),
    842▕                 $e,

      [2m+53 vendor frames [22m
  54  tests/Feature/DelegateMobileEndpointsTest.php:31

  ────────────────────────────────────────────────────────────────────────────  
   FAILED  Tests\Feature\DelegateMobileEndpointsTest > deleg…  QueryException   
  SQLSTATE[HY000] [2002] php_network_getaddresses: getaddrinfo for db failed: nodename nor servname provided, or not known (Connection: mysql, Host: db, Port: 3306, Database: cafe_supply_chain_test, SQL: select exists (select 1 from information_schema.tables where table_schema = schema() and table_name = 'migrations' and table_type in ('BASE TABLE', 'SYSTEM VERSIONED')) as `exists`)

  at vendor/laravel/framework/src/Illuminate/Database/Connection.php:838
    834▕             $exceptionType = $this->isUniqueConstraintError($e)
    835▕                 ? UniqueConstraintViolationException::class
    836▕                 : QueryException::class;
    837▕ 
  ➜ 838▕             throw new $exceptionType(
    839▕                 $this->getNameWithReadWriteType(),
    840▕                 $query,
    841▕                 $this->prepareBindings($bindings),
    842▕                 $e,

      [2m+53 vendor frames [22m
  54  tests/Feature/DelegateMobileEndpointsTest.php:31

  ────────────────────────────────────────────────────────────────────────────  
   FAILED  Tests\Feature\DelegateMobileEndpointsTest > deleg…  QueryException   
  SQLSTATE[HY000] [2002] php_network_getaddresses: getaddrinfo for db failed: nodename nor servname provided, or not known (Connection: mysql, Host: db, Port: 3306, Database: cafe_supply_chain_test, SQL: select exists (select 1 from information_schema.tables where table_schema = schema() and table_name = 'migrations' and table_type in ('BASE TABLE', 'SYSTEM VERSIONED')) as `exists`)

  at vendor/laravel/framework/src/Illuminate/Database/Connection.php:838
    834▕             $exceptionType = $this->isUniqueConstraintError($e)
    835▕                 ? UniqueConstraintViolationException::class
    836▕                 : QueryException::class;
    837▕ 
  ➜ 838▕             throw new $exceptionType(
    839▕                 $this->getNameWithReadWriteType(),
    840▕                 $query,
    841▕                 $this->prepareBindings($bindings),
    842▕                 $e,

      [2m+53 vendor frames [22m
  54  tests/Feature/DelegateMobileEndpointsTest.php:31

  ────────────────────────────────────────────────────────────────────────────  
   FAILED  Tests\Feature\DelegateMobileEndpointsTest > deleg…  QueryException   
  SQLSTATE[HY000] [2002] php_network_getaddresses: getaddrinfo for db failed: nodename nor servname provided, or not known (Connection: mysql, Host: db, Port: 3306, Database: cafe_supply_chain_test, SQL: select exists (select 1 from information_schema.tables where table_schema = schema() and table_name = 'migrations' and table_type in ('BASE TABLE', 'SYSTEM VERSIONED')) as `exists`)

  at vendor/laravel/framework/src/Illuminate/Database/Connection.php:838
    834▕             $exceptionType = $this->isUniqueConstraintError($e)
    835▕                 ? UniqueConstraintViolationException::class
    836▕                 : QueryException::class;
    837▕ 
  ➜ 838▕             throw new $exceptionType(
    839▕                 $this->getNameWithReadWriteType(),
    840▕                 $query,
    841▕                 $this->prepareBindings($bindings),
    842▕                 $e,

      [2m+53 vendor frames [22m
  54  tests/Feature/DelegateMobileEndpointsTest.php:31

  ────────────────────────────────────────────────────────────────────────────  
   FAILED  Tests\Feature\DelegateMobileEndpointsTest > deleg…  QueryException   
  SQLSTATE[HY000] [2002] php_network_getaddresses: getaddrinfo for db failed: nodename nor servname provided, or not known (Connection: mysql, Host: db, Port: 3306, Database: cafe_supply_chain_test, SQL: select exists (select 1 from information_schema.tables where table_schema = schema() and table_name = 'migrations' and table_type in ('BASE TABLE', 'SYSTEM VERSIONED')) as `exists`)

  at vendor/laravel/framework/src/Illuminate/Database/Connection.php:838
    834▕             $exceptionType = $this->isUniqueConstraintError($e)
    835▕                 ? UniqueConstraintViolationException::class
    836▕                 : QueryException::class;
    837▕ 
  ➜ 838▕             throw new $exceptionType(
    839▕                 $this->getNameWithReadWriteType(),
    840▕                 $query,
    841▕                 $this->prepareBindings($bindings),
    842▕                 $e,

      [2m+53 vendor frames [22m
  54  tests/Feature/DelegateMobileEndpointsTest.php:31

  ────────────────────────────────────────────────────────────────────────────  
   FAILED  Tests\Feature\DelegateMobileEndpointsTest > deleg…  QueryException   
  SQLSTATE[HY000] [2002] php_network_getaddresses: getaddrinfo for db failed: nodename nor servname provided, or not known (Connection: mysql, Host: db, Port: 3306, Database: cafe_supply_chain_test, SQL: select exists (select 1 from information_schema.tables where table_schema = schema() and table_name = 'migrations' and table_type in ('BASE TABLE', 'SYSTEM VERSIONED')) as `exists`)

  at vendor/laravel/framework/src/Illuminate/Database/Connection.php:838
    834▕             $exceptionType = $this->isUniqueConstraintError($e)
    835▕                 ? UniqueConstraintViolationException::class
    836▕                 : QueryException::class;
    837▕ 
  ➜ 838▕             throw new $exceptionType(
    839▕                 $this->getNameWithReadWriteType(),
    840▕                 $query,
    841▕                 $this->prepareBindings($bindings),
    842▕                 $e,

      [2m+53 vendor frames [22m
  54  tests/Feature/DelegateMobileEndpointsTest.php:31

  ────────────────────────────────────────────────────────────────────────────  
   FAILED  Tests\Feature\DelegateMobileEndpointsTest > deleg…  QueryException   
  SQLSTATE[HY000] [2002] php_network_getaddresses: getaddrinfo for db failed: nodename nor servname provided, or not known (Connection: mysql, Host: db, Port: 3306, Database: cafe_supply_chain_test, SQL: select exists (select 1 from information_schema.tables where table_schema = schema() and table_name = 'migrations' and table_type in ('BASE TABLE', 'SYSTEM VERSIONED')) as `exists`)

  at vendor/laravel/framework/src/Illuminate/Database/Connection.php:838
    834▕             $exceptionType = $this->isUniqueConstraintError($e)
    835▕                 ? UniqueConstraintViolationException::class
    836▕                 : QueryException::class;
    837▕ 
  ➜ 838▕             throw new $exceptionType(
    839▕                 $this->getNameWithReadWriteType(),
    840▕                 $query,
    841▕                 $this->prepareBindings($bindings),
    842▕                 $e,

      [2m+53 vendor frames [22m
  54  tests/Feature/DelegateMobileEndpointsTest.php:31

  ────────────────────────────────────────────────────────────────────────────  
   FAILED  Tests\Feature\OrderAssignDelegateTest > admin can…  QueryException   
  SQLSTATE[HY000] [2002] php_network_getaddresses: getaddrinfo for db failed: nodename nor servname provided, or not known (Connection: mysql, Host: db, Port: 3306, Database: cafe_supply_chain_test, SQL: select exists (select 1 from information_schema.tables where table_schema = schema() and table_name = 'migrations' and table_type in ('BASE TABLE', 'SYSTEM VERSIONED')) as `exists`)

  at vendor/laravel/framework/src/Illuminate/Database/Connection.php:838
    834▕             $exceptionType = $this->isUniqueConstraintError($e)
    835▕                 ? UniqueConstraintViolationException::class
    836▕                 : QueryException::class;
    837▕ 
  ➜ 838▕             throw new $exceptionType(
    839▕                 $this->getNameWithReadWriteType(),
    840▕                 $query,
    841▕                 $this->prepareBindings($bindings),
    842▕                 $e,

      [2m+53 vendor frames [22m
  54  tests/Feature/OrderAssignDelegateTest.php:25

  ────────────────────────────────────────────────────────────────────────────  
   FAILED  Tests\Feature\OrderAssignDelegateTest > cannot as…  QueryException   
  SQLSTATE[HY000] [2002] php_network_getaddresses: getaddrinfo for db failed: nodename nor servname provided, or not known (Connection: mysql, Host: db, Port: 3306, Database: cafe_supply_chain_test, SQL: select exists (select 1 from information_schema.tables where table_schema = schema() and table_name = 'migrations' and table_type in ('BASE TABLE', 'SYSTEM VERSIONED')) as `exists`)

  at vendor/laravel/framework/src/Illuminate/Database/Connection.php:838
    834▕             $exceptionType = $this->isUniqueConstraintError($e)
    835▕                 ? UniqueConstraintViolationException::class
    836▕                 : QueryException::class;
    837▕ 
  ➜ 838▕             throw new $exceptionType(
    839▕                 $this->getNameWithReadWriteType(),
    840▕                 $query,
    841▕                 $this->prepareBindings($bindings),
    842▕                 $e,

      [2m+53 vendor frames [22m
  54  tests/Feature/OrderAssignDelegateTest.php:25


  Tests:    30 failed, 2 passed (2 assertions)
  Duration: 1.04s

